Java HotSpot(TM) 64-Bit Server VM (25.241-b07) for windows-amd64 JRE (1.8.0_241-b07), built on Dec 11 2019 10:21:40 by "rejava" with MS VC++ 10.0 (VS2010)
Memory: 4k page, physical 16603188k(6236124k free), swap 34428980k(19536012k free)
CommandLine flags: -XX:InitialHeapSize=1073741824 -XX:MaxHeapSize=1073741824 -XX:+PrintGC -XX:+PrintGCDateStamps -XX:+PrintGCTimeStamps -XX:+UseCompressedClassPointers -XX:+UseCompressedOops -XX:-UseLargePagesIndividualAllocation -XX:+UseParallelGC 
2021-08-14T11:26:57.742+0800: 0.161: [GC (Allocation Failure)  262144K->77247K(1005056K), 0.0112370 secs]
2021-08-14T11:26:57.790+0800: 0.208: [GC (Allocation Failure)  338858K->155032K(1005056K), 0.0176424 secs]
2021-08-14T11:26:57.842+0800: 0.260: [GC (Allocation Failure)  417176K->222614K(1005056K), 0.0265872 secs]
2021-08-14T11:26:57.902+0800: 0.320: [GC (Allocation Failure)  484758K->294323K(1005056K), 0.0165751 secs]
2021-08-14T11:26:57.950+0800: 0.369: [GC (Allocation Failure)  556467K->365315K(1005056K), 0.0167326 secs]
2021-08-14T11:26:57.997+0800: 0.415: [GC (Allocation Failure)  627459K->439268K(859648K), 0.0167194 secs]
2021-08-14T11:26:58.028+0800: 0.446: [GC (Allocation Failure)  556004K->477552K(932352K), 0.0118274 secs]
2021-08-14T11:26:58.054+0800: 0.472: [GC (Allocation Failure)  594288K->506999K(932352K), 0.0150235 secs]
2021-08-14T11:26:58.083+0800: 0.502: [GC (Allocation Failure)  623389K->531738K(932352K), 0.0179027 secs]
2021-08-14T11:26:58.115+0800: 0.533: [GC (Allocation Failure)  648250K->563612K(932352K), 0.0192111 secs]
2021-08-14T11:26:58.150+0800: 0.568: [GC (Allocation Failure)  680348K->590887K(932352K), 0.0142245 secs]
2021-08-14T11:26:58.178+0800: 0.596: [GC (Allocation Failure)  707623K->628608K(932352K), 0.0109982 secs]
2021-08-14T11:26:58.203+0800: 0.621: [GC (Allocation Failure)  745078K->662757K(932352K), 0.0117275 secs]
2021-08-14T11:26:58.215+0800: 0.633: [Full GC (Ergonomics)  662757K->333562K(932352K), 0.0537960 secs]
2021-08-14T11:26:58.288+0800: 0.706: [GC (Allocation Failure)  450285K->371813K(932352K), 0.0064233 secs]
2021-08-14T11:26:58.312+0800: 0.730: [GC (Allocation Failure)  488473K->411025K(932352K), 0.0112112 secs]
2021-08-14T11:26:58.340+0800: 0.758: [GC (Allocation Failure)  527761K->446396K(932352K), 0.0116732 secs]
2021-08-14T11:26:58.366+0800: 0.784: [GC (Allocation Failure)  563132K->478918K(932352K), 0.0109015 secs]
2021-08-14T11:26:58.390+0800: 0.809: [GC (Allocation Failure)  595654K->507671K(932352K), 0.0092871 secs]
2021-08-14T11:26:58.416+0800: 0.835: [GC (Allocation Failure)  624407K->542855K(932352K), 0.0103142 secs]
2021-08-14T11:26:58.441+0800: 0.860: [GC (Allocation Failure)  659591K->578748K(932352K), 0.0103581 secs]
2021-08-14T11:26:58.465+0800: 0.884: [GC (Allocation Failure)  695451K->610120K(932352K), 0.0102029 secs]
2021-08-14T11:26:58.491+0800: 0.909: [GC (Allocation Failure)  726856K->643165K(932352K), 0.0109364 secs]
2021-08-14T11:26:58.516+0800: 0.934: [GC (Allocation Failure)  759700K->679899K(932352K), 0.0119749 secs]
2021-08-14T11:26:58.528+0800: 0.946: [Full GC (Ergonomics)  679899K->353244K(932352K), 0.0527787 secs]
2021-08-14T11:26:58.597+0800: 1.016: [GC (Allocation Failure)  469980K->396014K(932352K), 0.0061161 secs]
2021-08-14T11:26:58.621+0800: 1.039: [GC (Allocation Failure)  512750K->433128K(932352K), 0.0111876 secs]
2021-08-14T11:26:58.647+0800: 1.065: [GC (Allocation Failure)  549864K->462957K(936960K), 0.0101730 secs]
